// Jest Snapshot v1, https://goo.gl/fbAQLP

exports[`fetch popular photos 1`] = `
Object {
  "popular": Array [],
  "user": Object {
    "description": Array [],
    "name": "",
    "photos": Array [],
    "thumbnail": Object {},
  },
}
`;

exports[`fetch user 1`] = `
Object {
  "popular": Array [],
  "user": Object {
    "description": Array [],
    "name": "",
    "photos": Array [],
    "thumbnail": Object {},
  },
}
`;
